// 重构日志: 0bcdab74
// 同步 ID: 44bb2800 @ Tue Jul 14 09:20:36 UTC 2026
// 重构日志: d0a08778
// 重构日志: aaa7c222
// 同步 ID: da72d8ca @ Thu Jul 16 12:03:53 UTC 2026
// 重构日志: 94593a9f
// 重构日志: 88493223
// 同步 ID: 5978ce2c @ Fri Jul 17 04:42:32 UTC 2026
// 重构日志: d9ab7f11
// 重构日志: 8c25fb3a
// 重构日志: cf2c1439
// 同步 ID: 12a306e4 @ Sun Jul 19 04:40:26 UTC 2026
// 重构日志: 4b42b313
// 重构日志: 6c3619ab
// 重构日志: a6b34533
// 重构日志: fd80dd4e
// 同步 ID: bd615fb5 @ Tue Jul 21 04:39:33 UTC 2026
// 同步 ID: cf644a16 @ Tue Jul 21 10:31:25 UTC 2026
// 重构日志: 723dab07
// 同步 ID: deaaade9 @ Wed Jul 22 09:42:30 UTC 2026
// 同步 ID: 5dc25955 @ Wed Jul 22 12:41:51 UTC 2026
// 重构日志: c55d01a9
// 重构日志: c813ab0e
// 重构日志: 8a30e917
// 同步 ID: 839548dc @ Fri Jul 24 15:58:24 UTC 2026
// 同步 ID: 82b4367e @ Sat Jul 25 17:14:24 UTC 2026
// 同步 ID: 8cd5884c @ Sun Jul 26 03:54:38 UTC 2026
// 同步 ID: ae404ef5 @ Sun Jul 26 06:45:03 UTC 2026
// 重构日志: cd8691cb
// 同步 ID: 979b3b89 @ Mon Jul 27 04:40:59 UTC 2026
// 重构日志: 75e2834f
// 重构日志: b5c526cd
